[DEBUG] Processing Model: Articulated_Slug in W:\3D Files Cabinet - Copy
[DEBUG] Processing Model: Articulated_Slug in W:\3D Files Cabinet - Copy
[DEBUG] Processing Model: Articulated_Slug in W:\3D Files Cabinet - Copy
[DEBUG] Processing Model: Articulated_Slug in W:\3D Files Cabinet - Copy
[DEBUG] Processing Model: Articulated_Slug in W:\3D Files Cabinet - Copy
[DEBUG] Processing Model: Articulated_Slug in W:\3D Files Cabinet - Copy
   -> Sibling: Articulated_Slug.stl
[DEBUG] Processing Model: Articulated_Slug in W:\3D Files Cabinet - Copy
   -> Sibling: Articulated_Slug.stl-thumb.png
[DEBUG] Processing Model: Articulated_Slug in W:\3D Files Cabinet - Copy
[DEBUG] Processing Model: Articulated_Slug in W:\3D Files Cabinet - Copy
[DEBUG] Processing Model: Articulated_Slug in W:\3D Files Cabinet - Copy
[DEBUG] Processing Model: Articulated_Slug in W:\3D Files Cabinet - Copy
   -> Sibling: Articulated_Slug.gcode
[DEBUG] Processing Model: Articulated_Slug in W:\3D Files Cabinet - Copy
[DEBUG] Processing Model: Articulated_Slug in W:\3D Files Cabinet - Copy
[DEBUG] Processing Model: Articulated_Slug in W:\3D Files Cabinet - Copy
[DEBUG] Processing Model: Articulated_Slug in W:\3D Files Cabinet - Copy
[DEBUG] Processing Model: Articulated_Slug in W:\3D Files Cabinet - Copy
[DEBUG] Processing Model: Articulated_Slug in W:\3D Files Cabinet - Copy
[DEBUG] Processing Model: Articulated_Slug in W:\3D Files Cabinet - Copy
[DEBUG] Processing Model: Articulated_Slug in W:\3D Files Cabinet - Copy
[DEBUG] Processing Model: Articulated_Slug in W:\3D Files Cabinet - Copy
[DEBUG] Processing Model: Articulated_Slug in W:\3D Files Cabinet - Copy
   -> Sibling: Articulated_Slug-stl-munchie.json.bak
[DEBUG] Processing Model: Articulated_Slug in W:\3D Files Cabinet - Copy
[DEBUG] Processing Model: Articulated_Slug in W:\3D Files Cabinet - Copy
[DEBUG] Processing Model: Articulated_Slug in W:\3D Files Cabinet - Copy
[DEBUG] Processing Model: Articulated_Slug in W:\3D Files Cabinet - Copy
[DEBUG] Processing Model: Articulated_Slug in W:\3D Files Cabinet - Copy
[DEBUG] Processing Model: Articulated_Slug in W:\3D Files Cabinet - Copy
[DEBUG] Processing Model: Articulated_Slug in W:\3D Files Cabinet - Copy
[DEBUG] Processing Model: Articulated_Slug in W:\3D Files Cabinet - Copy
[DEBUG] Processing Model: Articulated_Slug in W:\3D Files Cabinet - Copy
[DEBUG] Processing Model: Articulated_Slug in W:\3D Files Cabinet - Copy
[DEBUG] Processing Model: Articulated_Slug in W:\3D Files Cabinet - Copy
[DEBUG] Processing Model: Articulated_Slug in W:\3D Files Cabinet - Copy
[DEBUG] Processing Model: Articulated_Slug in W:\3D Files Cabinet - Copy
[DEBUG] Processing Model: Articulated_Slug in W:\3D Files Cabinet - Copy
   -> Sibling: Articulated_Slug.stl
[DEBUG] Processing Model: Articulated_Slug in W:\3D Files Cabinet - Copy
   -> Sibling: Articulated_Slug.stl-thumb.png
[DEBUG] Processing Model: Articulated_Slug in W:\3D Files Cabinet - Copy
[DEBUG] Processing Model: Articulated_Slug in W:\3D Files Cabinet - Copy
[DEBUG] Processing Model: Articulated_Slug in W:\3D Files Cabinet - Copy
[DEBUG] Processing Model: Articulated_Slug in W:\3D Files Cabinet - Copy
   -> Sibling: Articulated_Slug.gcode
[DEBUG] Processing Model: Articulated_Slug in W:\3D Files Cabinet - Copy
[DEBUG] Processing Model: Articulated_Slug in W:\3D Files Cabinet - Copy
[DEBUG] Processing Model: Articulated_Slug in W:\3D Files Cabinet - Copy
[DEBUG] Processing Model: Articulated_Slug in W:\3D Files Cabinet - Copy
[DEBUG] Processing Model: Articulated_Slug in W:\3D Files Cabinet - Copy
[DEBUG] Processing Model: Articulated_Slug in W:\3D Files Cabinet - Copy
[DEBUG] Processing Model: Articulated_Slug in W:\3D Files Cabinet - Copy
[DEBUG] Processing Model: Articulated_Slug in W:\3D Files Cabinet - Copy
[DEBUG] Processing Model: Articulated_Slug in W:\3D Files Cabinet - Copy
[DEBUG] Processing Model: Articulated_Slug in W:\3D Files Cabinet - Copy
   -> Sibling: Articulated_Slug-stl-munchie.json.bak
[DEBUG] Processing Model: Articulated_Slug in W:\3D Files Cabinet - Copy
[DEBUG] Processing Model: Articulated_Slug in W:\3D Files Cabinet - Copy
[DEBUG] Processing Model: Articulated_Slug in W:\3D Files Cabinet - Copy
[DEBUG] Processing Model: Articulated_Slug in W:\3D Files Cabinet - Copy
[DEBUG] Processing Model: Articulated_Slug in W:\3D Files Cabinet - Copy
[DEBUG] Processing Model: Articulated_Slug in W:\3D Files Cabinet - Copy
[DEBUG] Processing Model: Articulated_Slug in W:\3D Files Cabinet - Copy
[DEBUG] Processing Model: Articulated_Slug in W:\3D Files Cabinet - Copy
[DEBUG] Processing Model: Articulated_Slug in W:\3D Files Cabinet - Copy
[DEBUG] Processing Model: Articulated_Slug in W:\3D Files Cabinet - Copy
[DEBUG] Processing Model: Articulated_Slug in W:\3D Files Cabinet - Copy
[DEBUG] Processing Model: Articulated_Slug in W:\3D Files Cabinet - Copy
[DEBUG] Processing Model: Articulated_Slug in W:\3D Files Cabinet - Copy
[DEBUG] Processing Model: Articulated_Slug in W:\3D Files Cabinet - Copy
   -> Sibling: Articulated_Slug.stl
[DEBUG] Processing Model: Articulated_Slug in W:\3D Files Cabinet - Copy
   -> Sibling: Articulated_Slug.stl-thumb.png
[DEBUG] Processing Model: Articulated_Slug in W:\3D Files Cabinet - Copy
[DEBUG] Processing Model: Articulated_Slug in W:\3D Files Cabinet - Copy
[DEBUG] Processing Model: Articulated_Slug in W:\3D Files Cabinet - Copy
[DEBUG] Processing Model: Articulated_Slug in W:\3D Files Cabinet - Copy
   -> Sibling: Articulated_Slug.gcode
[DEBUG] Processing Model: Articulated_Slug in W:\3D Files Cabinet - Copy
[DEBUG] Processing Model: Articulated_Slug in W:\3D Files Cabinet - Copy
[DEBUG] Processing Model: Articulated_Slug in W:\3D Files Cabinet - Copy
[DEBUG] Processing Model: Articulated_Slug in W:\3D Files Cabinet - Copy
[DEBUG] Processing Model: Articulated_Slug in W:\3D Files Cabinet - Copy
[DEBUG] Processing Model: Articulated_Slug in W:\3D Files Cabinet - Copy
[DEBUG] Processing Model: Articulated_Slug in W:\3D Files Cabinet - Copy
[DEBUG] Processing Model: Articulated_Slug in W:\3D Files Cabinet - Copy
[DEBUG] Processing Model: Articulated_Slug in W:\3D Files Cabinet - Copy
[DEBUG] Processing Model: Articulated_Slug in W:\3D Files Cabinet - Copy
   -> Sibling: Articulated_Slug-stl-munchie.json.bak
[DEBUG] Processing Model: Articulated_Slug in W:\3D Files Cabinet - Copy
[DEBUG] Processing Model: Articulated_Slug in W:\3D Files Cabinet - Copy
[DEBUG] Processing Model: Articulated_Slug in W:\3D Files Cabinet - Copy
[DEBUG] Processing Model: Articulated_Slug in W:\3D Files Cabinet - Copy
[DEBUG] Processing Model: Articulated_Slug in W:\3D Files Cabinet - Copy
[DEBUG] Processing Model: Articulated_Slug in W:\3D Files Cabinet - Copy
[DEBUG] Processing Model: Articulated_Slug in W:\3D Files Cabinet - Copy
[DEBUG] Processing Model: Articulated_Slug in W:\3D Files Cabinet - Copy
[DEBUG] Processing Model: Articulated_Slug in W:\3D Files Cabinet - Copy
[DEBUG] Processing Model: Articulated_Slug in W:\3D Files Cabinet - Copy
[DEBUG] Processing Model: Articulated_Slug in W:\3D Files Cabinet - Copy
[DEBUG] Processing Model: Articulated_Slug in W:\3D Files Cabinet - Copy
[DEBUG] Processing Model: Articulated_Slug in W:\3D Files Cabinet - Copy
[DEBUG] Processing Model: Articulated_Slug in W:\3D Files Cabinet - Copy
   -> Sibling: Articulated_Slug.stl
[DEBUG] Processing Model: Articulated_Slug in W:\3D Files Cabinet - Copy
   -> Sibling: Articulated_Slug.stl-thumb.png
[DEBUG] Processing Model: Articulated_Slug in W:\3D Files Cabinet - Copy
[DEBUG] Processing Model: Articulated_Slug in W:\3D Files Cabinet - Copy
[DEBUG] Processing Model: Articulated_Slug in W:\3D Files Cabinet - Copy
[DEBUG] Processing Model: Articulated_Slug in W:\3D Files Cabinet - Copy
   -> Sibling: Articulated_Slug.gcode
[DEBUG] Processing Model: Articulated_Slug in W:\3D Files Cabinet - Copy
[DEBUG] Processing Model: Articulated_Slug in W:\3D Files Cabinet - Copy
[DEBUG] Processing Model: Articulated_Slug in W:\3D Files Cabinet - Copy
[DEBUG] Processing Model: Articulated_Slug in W:\3D Files Cabinet - Copy
[DEBUG] Processing Model: Articulated_Slug in W:\3D Files Cabinet - Copy
[DEBUG] Processing Model: Articulated_Slug in W:\3D Files Cabinet - Copy
[DEBUG] Processing Model: Articulated_Slug in W:\3D Files Cabinet - Copy
[DEBUG] Processing Model: Articulated_Slug in W:\3D Files Cabinet - Copy
[DEBUG] Processing Model: Articulated_Slug in W:\3D Files Cabinet - Copy
[DEBUG] Processing Model: Articulated_Slug in W:\3D Files Cabinet - Copy
   -> Sibling: Articulated_Slug-stl-munchie.json.bak
[DEBUG] Processing Model: Articulated_Slug in W:\3D Files Cabinet - Copy
[DEBUG] Processing Model: Articulated_Slug in W:\3D Files Cabinet - Copy
[DEBUG] Processing Model: Articulated_Slug in W:\3D Files Cabinet - Copy
[DEBUG] Processing Model: Articulated_Slug in W:\3D Files Cabinet - Copy
[DEBUG] Processing Model: Articulated_Slug in W:\3D Files Cabinet - Copy
[DEBUG] Processing Model: Articulated_Slug in W:\3D Files Cabinet - Copy
[DEBUG] Processing Model: Articulated_Slug in W:\3D Files Cabinet - Copy
[DEBUG] Processing Model: Articulated_Slug in W:\3D Files Cabinet - Copy
