src/components/DescriptionSection.tsx(2,10): error TS6133: 'User' is declared but its value is never read.
src/components/DescriptionSection.tsx(2,16): error TS6133: 'FileText' is declared but its value is never read.
src/components/DescriptionSection.tsx(3,1): error TS6133: 'Badge' is declared but its value is never read.
src/components/Grid3DViewer.tsx(76,7): error TS2339: Property 'mesh' does not exist on type 'JSX.IntrinsicElements'.
src/components/Grid3DViewer.tsx(82,9): error TS2339: Property 'meshStandardMaterial' does not exist on type 'JSX.IntrinsicElements'.
src/components/Grid3DViewer.tsx(88,7): error TS2339: Property 'mesh' does not exist on type 'JSX.IntrinsicElements'.
src/components/Grid3DViewer.tsx(93,10): error TS2339: Property 'primitive' does not exist on type 'JSX.IntrinsicElements'.
src/components/Grid3DViewer.tsx(157,9): error TS2339: Property 'ambientLight' does not exist on type 'JSX.IntrinsicElements'.
src/components/Grid3DViewer.tsx(158,9): error TS2339: Property 'hemisphereLight' does not exist on type 'JSX.IntrinsicElements'.
src/components/Grid3DViewer.tsx(160,9): error TS2339: Property 'directionalLight' does not exist on type 'JSX.IntrinsicElements'.
src/components/Grid3DViewer.tsx(168,9): error TS2339: Property 'directionalLight' does not exist on type 'JSX.IntrinsicElements'.
src/components/Grid3DViewer.tsx(173,15): error TS2339: Property 'group' does not exist on type 'JSX.IntrinsicElements'.
src/components/Grid3DViewer.tsx(175,15): error TS2339: Property 'group' does not exist on type 'JSX.IntrinsicElements'.
src/components/ModelUploadDialog.tsx(7,29): error TS6133: 'Layers' is declared but its value is never read.
src/components/ModelUploadDialog.tsx(10,1): error TS6133: 'Textarea' is declared but its value is never read.
src/components/ModelUploadDialog.tsx(12,1): error TS6133: 'RendererPool' is declared but its value is never read.
src/components/ModelUploadDialog.tsx(56,10): error TS6133: 'groupDescription' is declared but its value is never read.
src/components/ModelUploadDialog.tsx(56,28): error TS6133: 'setGroupDescription' is declared but its value is never read.
src/components/ModelUploadDialog.tsx(63,9): error TS6133: 'isSyncing' is declared but its value is never read.
src/components/ModelUploadDialog.tsx(66,10): error TS6133: 'previewGenerating' is declared but its value is never read.
src/components/ModelUploadDialog.tsx(66,29): error TS6133: 'setPreviewGenerating' is declared but its value is never read.
src/components/ModelUploadDialog.tsx(67,10): error TS6133: 'previewProgress' is declared but its value is never read.
src/components/ModelUploadDialog.tsx(67,27): error TS6133: 'setPreviewProgress' is declared but its value is never read.
src/components/ModelUploadDialog.tsx(140,18): error TS6133: 'applyCategoryAndTagsTo' is declared but its value is never read.
src/components/NotesSection.tsx(1,20): error TS6133: 'useEffect' is declared but its value is never read.
src/components/NotesSection.tsx(2,10): error TS6133: 'StickyNote' is declared but its value is never read.
src/components/PrinterStatusHub.tsx(69,33): error TS6133: 'i' is declared but its value is never read.
src/components/ProjectFolderDialog.tsx(1,8): error TS6133: 'React' is declared but its value is never read.
src/components/ProjectFolderDialog.tsx(1,17): error TS6133: 'useCallback' is declared but its value is never read.
src/components/ProjectFolderDialog.tsx(5,18): error TS6133: 'FileText' is declared but its value is never read.
src/components/ProjectFolderDialog.tsx(73,58): error TS2345: Argument of type '(prev: File[]) => unknown[]' is not assignable to parameter of type 'SetStateAction<File[]>'.
  Type '(prev: File[]) => unknown[]' is not assignable to type '(prevState: File[]) => File[]'.
    Type 'unknown[]' is not assignable to type 'File[]'.
      Type 'unknown' is not assignable to type 'File'.
src/components/ProjectView.tsx(107,11): error TS6133: 'handleUpdateStatus' is declared but its value is never read.
src/components/ProjectView.tsx(115,23): error TS6133: 'data' is declared but its value is never read.
src/components/ProjectView.tsx(234,74): error TS2304: Cannot find name 'handleUpdateStatus'.
src/components/ProjectView.tsx(237,74): error TS2304: Cannot find name 'handleUpdateStatus'.
src/components/ProjectView.tsx(240,74): error TS2304: Cannot find name 'handleUpdateStatus'.
src/components/settings/GeneralSettings.tsx(30,7): error TS6133: 'LICENSES' is declared but its value is never read.
src/components/settings/GeneralSettings.tsx(58,9): error TS6133: 'setSelectedTag' is declared but its value is never read.
src/components/settings/GeneralSettings.tsx(101,11): error TS6133: 'getLabel' is declared but its value is never read.
src/tests/download.test.tsx(61,11): error TS6133: 'spy' is declared but its value is never read.
src/tests/download.test.tsx(75,10): error TS2304: Cannot find name 'ModelHubView'.
src/utils/ProjectService.ts(46,77): error TS6133: 'targetFolder' is declared but its value is never read.
