src/components/admin/MigrationStatus.tsx(35,12): error TS6133: 'validationErrors' is declared but its value is never read.
src/components/admin/MigrationStatus_DB.tsx(35,12): error TS6133: 'validationErrors' is declared but its value is never read.
src/components/bulk-edit/BulkRelatedFilesEditor.tsx(16,9): error TS2339: Property 'relatedIncludedIds' does not exist on type '{ setCategory: (val: string) => void; setLicense: (val: string) => void; setDesigner: (val: string) => void; setPrintStatus: (val: boolean) => void; setHidden: (val: boolean) => void; setNotes: (val: string) => void; ... 25 more ...; allTags: string[]; }'.
src/components/bulk-edit/BulkRelatedFilesEditor.tsx(17,9): error TS2339: Property 'toggleRelatedInclude' does not exist on type '{ setCategory: (val: string) => void; setLicense: (val: string) => void; setDesigner: (val: string) => void; setPrintStatus: (val: boolean) => void; setHidden: (val: boolean) => void; setNotes: (val: string) => void; ... 25 more ...; allTags: string[]; }'.
src/components/bulk-edit/BulkRelatedFilesEditor.tsx(65,118): error TS7006: Parameter 'id' implicitly has an 'any' type.
src/components/collections/CollectionEditDrawer.tsx(416,50): error TS2339: Property 'buildPlates' does not exist on type 'Collection'.
src/components/collections/CollectionEditDrawer.tsx(416,81): error TS2339: Property 'buildPlates' does not exist on type 'Collection'.
src/components/dialogs/bulk-edit/BulkRelatedFilesEditor.tsx(16,9): error TS2339: Property 'relatedIncludedIds' does not exist on type '{ setCategory: (val: string) => void; setLicense: (val: string) => void; setDesigner: (val: string) => void; setPrintStatus: (val: boolean) => void; setHidden: (val: boolean) => void; setNotes: (val: string) => void; ... 25 more ...; allTags: string[]; }'.
src/components/dialogs/bulk-edit/BulkRelatedFilesEditor.tsx(17,9): error TS2339: Property 'toggleRelatedInclude' does not exist on type '{ setCategory: (val: string) => void; setLicense: (val: string) => void; setDesigner: (val: string) => void; setPrintStatus: (val: boolean) => void; setHidden: (val: boolean) => void; setNotes: (val: string) => void; ... 25 more ...; allTags: string[]; }'.
src/components/dialogs/bulk-edit/BulkRelatedFilesEditor.tsx(65,118): error TS7006: Parameter 'id' implicitly has an 'any' type.
src/components/management/ProjectView.tsx(39,20): error TS2339: Property 'buildPlates' does not exist on type 'Collection'.
src/components/management/ProjectView.tsx(39,41): error TS7006: Parameter 'bp' implicitly has an 'any' type.
src/components/management/ProjectView.tsx(39,67): error TS7006: Parameter 'id' implicitly has an 'any' type.
src/components/management/ProjectView.tsx(41,20): error TS2339: Property 'buildPlates' does not exist on type 'Collection'.
src/components/management/ProjectView.tsx(54,67): error TS2339: Property 'buildPlates' does not exist on type 'Collection'.
src/components/management/ProjectView.tsx(70,50): error TS2339: Property 'buildPlates' does not exist on type 'Collection'.
src/components/management/ProjectView.tsx(70,70): error TS7006: Parameter 'p' implicitly has an 'any' type.
src/components/management/ProjectView.tsx(71,53): error TS2353: Object literal may only specify known properties, and 'buildPlates' does not exist in type 'Collection'.
src/components/management/ProjectView.tsx(87,50): error TS2339: Property 'buildPlates' does not exist on type 'Collection'.
src/components/management/ProjectView.tsx(87,67): error TS7006: Parameter 'p' implicitly has an 'any' type.
src/components/management/ProjectView.tsx(88,53): error TS2353: Object literal may only specify known properties, and 'buildPlates' does not exist in type 'Collection'.
src/components/management/ProjectView.tsx(103,50): error TS2339: Property 'buildPlates' does not exist on type 'Collection'.
src/components/management/ProjectView.tsx(103,67): error TS7006: Parameter 'p' implicitly has an 'any' type.
src/components/management/ProjectView.tsx(106,53): error TS2353: Object literal may only specify known properties, and 'buildPlates' does not exist in type 'Collection'.
src/components/management/ProjectView.tsx(114,47): error TS2339: Property 'buildPlates' does not exist on type 'Collection'.
src/components/management/ProjectView.tsx(119,48): error TS7006: Parameter 'id' implicitly has an 'any' type.
src/components/management/ProjectView.tsx(135,49): error TS2353: Object literal may only specify known properties, and 'buildPlates' does not exist in type 'Collection'.
src/components/management/ProjectView.tsx(140,47): error TS2339: Property 'buildPlates' does not exist on type 'Collection'.
src/components/management/ProjectView.tsx(145,48): error TS7006: Parameter 'id' implicitly has an 'any' type.
src/components/management/ProjectView.tsx(155,58): error TS2353: Object literal may only specify known properties, and 'buildPlates' does not exist in type 'Collection'.
src/components/management/ProjectView.tsx(189,37): error TS2339: Property 'buildPlates' does not exist on type 'Collection'.
src/components/management/ProjectView.tsx(189,55): error TS7006: Parameter 'plate' implicitly has an 'any' type.
src/components/management/ProjectView.tsx(258,69): error TS7006: Parameter 'id' implicitly has an 'any' type.
src/components/management/ProjectView.tsx(291,39): error TS2339: Property 'buildPlates' does not exist on type 'Collection'.
src/components/management/ProjectView.tsx(291,65): error TS2339: Property 'buildPlates' does not exist on type 'Collection'.
src/components/management/ProjectView.tsx(328,53): error TS2339: Property 'buildPlates' does not exist on type 'Collection'.
src/components/management/ProjectView.tsx(328,82): error TS7006: Parameter 'bp' implicitly has an 'any' type.
src/components/management/ProjectView_DB.tsx(7,10): error TS2724: '"@/components/common/ImageWithFallback_DB"' has no exported member named 'ImageWithFallback'. Did you mean 'ImageWithFallback_DB'?
src/components/management/ProjectView_DB.tsx(39,20): error TS2339: Property 'buildPlates' does not exist on type 'Collection'.
src/components/management/ProjectView_DB.tsx(39,41): error TS7006: Parameter 'bp' implicitly has an 'any' type.
src/components/management/ProjectView_DB.tsx(39,67): error TS7006: Parameter 'id' implicitly has an 'any' type.
src/components/management/ProjectView_DB.tsx(41,20): error TS2339: Property 'buildPlates' does not exist on type 'Collection'.
src/components/management/ProjectView_DB.tsx(54,67): error TS2339: Property 'buildPlates' does not exist on type 'Collection'.
src/components/management/ProjectView_DB.tsx(70,50): error TS2339: Property 'buildPlates' does not exist on type 'Collection'.
src/components/management/ProjectView_DB.tsx(70,70): error TS7006: Parameter 'p' implicitly has an 'any' type.
src/components/management/ProjectView_DB.tsx(71,53): error TS2353: Object literal may only specify known properties, and 'buildPlates' does not exist in type 'Collection'.
src/components/management/ProjectView_DB.tsx(87,50): error TS2339: Property 'buildPlates' does not exist on type 'Collection'.
src/components/management/ProjectView_DB.tsx(87,67): error TS7006: Parameter 'p' implicitly has an 'any' type.
src/components/management/ProjectView_DB.tsx(88,53): error TS2353: Object literal may only specify known properties, and 'buildPlates' does not exist in type 'Collection'.
src/components/management/ProjectView_DB.tsx(103,50): error TS2339: Property 'buildPlates' does not exist on type 'Collection'.
src/components/management/ProjectView_DB.tsx(103,67): error TS7006: Parameter 'p' implicitly has an 'any' type.
src/components/management/ProjectView_DB.tsx(106,53): error TS2353: Object literal may only specify known properties, and 'buildPlates' does not exist in type 'Collection'.
src/components/management/ProjectView_DB.tsx(114,47): error TS2339: Property 'buildPlates' does not exist on type 'Collection'.
src/components/management/ProjectView_DB.tsx(119,48): error TS7006: Parameter 'id' implicitly has an 'any' type.
src/components/management/ProjectView_DB.tsx(135,49): error TS2353: Object literal may only specify known properties, and 'buildPlates' does not exist in type 'Collection'.
src/components/management/ProjectView_DB.tsx(140,47): error TS2339: Property 'buildPlates' does not exist on type 'Collection'.
src/components/management/ProjectView_DB.tsx(145,48): error TS7006: Parameter 'id' implicitly has an 'any' type.
src/components/management/ProjectView_DB.tsx(155,58): error TS2353: Object literal may only specify known properties, and 'buildPlates' does not exist in type 'Collection'.
src/components/management/ProjectView_DB.tsx(189,37): error TS2339: Property 'buildPlates' does not exist on type 'Collection'.
src/components/management/ProjectView_DB.tsx(189,55): error TS7006: Parameter 'plate' implicitly has an 'any' type.
src/components/management/ProjectView_DB.tsx(258,69): error TS7006: Parameter 'id' implicitly has an 'any' type.
src/components/management/ProjectView_DB.tsx(291,39): error TS2339: Property 'buildPlates' does not exist on type 'Collection'.
src/components/management/ProjectView_DB.tsx(291,65): error TS2339: Property 'buildPlates' does not exist on type 'Collection'.
src/components/management/ProjectView_DB.tsx(328,53): error TS2339: Property 'buildPlates' does not exist on type 'Collection'.
src/components/management/ProjectView_DB.tsx(328,82): error TS7006: Parameter 'bp' implicitly has an 'any' type.
src/components/management/SettingsPage.tsx(64,9): error TS6133: 'setCurrentView' is declared but its value is never read.
src/components/management/SettingsPage_DB.tsx(64,9): error TS6133: 'setCurrentView' is declared but its value is never read.
src/components/models/details/RelatedFilesSection.tsx(257,19): error TS6133: 'refreshedModel' is declared but its value is never read.
src/components/models/details/RelatedFilesSection_DB.tsx(257,19): error TS6133: 'refreshedModel' is declared but its value is never read.
src/components/settings/IntegrationsSettings.tsx(46,30): error TS6133: 'setActivePrinterIndex' is declared but its value is never read.
src/components/settings/IntegrationsSettings.tsx(158,9): error TS6133: 'currentPrinterConfig' is declared but its value is never read.
src/components/settings/IntegrationsSettings.tsx(165,9): error TS6133: 'handlePrinterUpdate' is declared but its value is never read.
src/components/settings/IntegrationsSettings_DB.tsx(46,30): error TS6133: 'setActivePrinterIndex' is declared but its value is never read.
src/components/settings/IntegrationsSettings_DB.tsx(158,9): error TS6133: 'currentPrinterConfig' is declared but its value is never read.
src/components/settings/IntegrationsSettings_DB.tsx(165,9): error TS6133: 'handlePrinterUpdate' is declared but its value is never read.
src/components/shared/BulkEditDialog.tsx(59,34): error TS2345: Argument of type '{ models: Model[]; isOpen: boolean; pendingBulkCollectionId: string | null; }' is not assignable to parameter of type 'UseBulkEditFormProps'.
  Property 'selectedTargetIds' is missing in type '{ models: Model[]; isOpen: boolean; pendingBulkCollectionId: string | null; }' but required in type 'UseBulkEditFormProps'.
src/components/shared/BulkEditDialog.tsx(138,37): error TS2322: Type '{ form: { setCategory: (val: string) => void; setLicense: (val: string) => void; setDesigner: (val: string) => void; setPrintStatus: (val: boolean) => void; setHidden: (val: boolean) => void; ... 26 more ...; allTags: string[]; }; ... 7 more ...; modelsMissingImagesCount: number; }' is not assignable to type 'IntrinsicAttributes & BulkOperationsPanelProps'.
  Property 'onGenerateImages' does not exist on type 'IntrinsicAttributes & BulkOperationsPanelProps'.
src/components/shared/BulkEditDialog.tsx(169,37): error TS2322: Type '{ form: { setCategory: (val: string) => void; setLicense: (val: string) => void; setDesigner: (val: string) => void; setPrintStatus: (val: boolean) => void; setHidden: (val: boolean) => void; ... 26 more ...; allTags: string[]; }; ... 7 more ...; modelsMissingImagesCount: number; }' is not assignable to type 'IntrinsicAttributes & BulkOperationsPanelProps'.
  Property 'onGenerateImages' does not exist on type 'IntrinsicAttributes & BulkOperationsPanelProps'.
src/hooks/bulk/useBulkEditForm.ts(63,70): error TS6133: 'pendingBulkCollectionId' is declared but its value is never read.
src/hooks/bulk/useBulkEditForm_db.ts(63,73): error TS6133: 'pendingBulkCollectionId' is declared but its value is never read.
src/hooks/hub/useModelGallery_db.ts(164,19): error TS6133: 'rawPath' is declared but its value is never read.
src/hooks/mutations/useCreateCollection.ts(14,19): error TS6133: 'err' is declared but its value is never read.
src/hooks/mutations/useCreateCollection_db.ts(14,19): error TS6133: 'err' is declared but its value is never read.
src/hooks/mutations/useDeleteModel.ts(24,19): error TS6133: 'err' is declared but its value is never read.
src/hooks/mutations/useDeleteModel.ts(24,24): error TS6133: 'id' is declared but its value is never read.
src/hooks/mutations/useDeleteModel_db.ts(24,19): error TS6133: 'err' is declared but its value is never read.
src/hooks/mutations/useDeleteModel_db.ts(24,24): error TS6133: 'id' is declared but its value is never read.
src/hooks/queries/useModels.ts(28,26): error TS6133: 'id' is declared but its value is never read.
src/hooks/queries/useModels_db.ts(28,26): error TS6133: 'id' is declared but its value is never read.
src/hooks/useCollectionMutations.ts(92,24): error TS6133: 'variables' is declared but its value is never read.
src/hooks/useCollectionMutations.ts(128,24): error TS6133: 'variables' is declared but its value is never read.
src/hooks/useCollectionMutations_db.ts(92,24): error TS6133: 'variables' is declared but its value is never read.
src/hooks/useCollectionMutations_db.ts(128,24): error TS6133: 'variables' is declared but its value is never read.
src/hooks/useModelMutations_DB.ts(61,24): error TS6133: 'variables' is declared but its value is never read.
src/hooks/useModelMutations_DB.ts(101,24): error TS6133: 'variables' is declared but its value is never read.
src/hooks/useModelMutations_DB.ts(143,24): error TS6133: 'variables' is declared but its value is never read.
src/hooks/useModelMutations_Legacy.ts(19,11): error TS6196: 'BulkUpdateInput' is declared but never used.
src/hooks/useModelMutations_Legacy.ts(63,24): error TS6133: 'variables' is declared but its value is never read.
src/hooks/useModelMutations_Legacy.ts(101,24): error TS6133: 'variables' is declared but its value is never read.
src/hooks/useModelsQuery.ts(44,51): error TS2339: Property 'useDatabaseBackend' does not exist on type 'AppConfig'.
src/hooks/useModelsQuery_db.ts(44,51): error TS2339: Property 'useDatabaseBackend' does not exist on type 'AppConfig'.
src/hooks/useTagsQuery.ts(1,15): error TS2305: Module '"@/types/model_db"' has no exported member 'Tag'.
src/hooks/useTagsQuery_db.ts(1,15): error TS2305: Module '"@/types/model_db"' has no exported member 'Tag'.
src/tests/download.test.tsx(76,10): error TS2741: Property 'onSelectModel' is missing in type '{ model: any; models: never[]; onClose: () => void; onModelUpdate: () => void; categories: never[]; collections: never[]; isSidebarOpen: true; onOpenCollection: () => void; onFilterChange: () => void; onSettingsClick: () => void; }' but required in type 'ModelHubViewProps'.
src/utils/dbAdapter.ts(2,15): error TS2459: Module '"@/types/model_db"' declares 'Collection' locally, but it is not exported.
src/utils/ProjectService_db.ts(34,18): error TS6133: 'getMunchieFileName' is declared but its value is never read.
src/utils/ProjectService_db.ts(68,49): error TS2552: Cannot find name 'ProjectService'. Did you mean 'ProjectService_db'?
src/utils/ProjectService_db.ts(134,28): error TS2552: Cannot find name 'ProjectService'. Did you mean 'ProjectService_db'?
src/utils/ProjectService_db.ts(311,30): error TS2552: Cannot find name 'ProjectService'. Did you mean 'ProjectService_db'?
src/utils/threeMFToJson.ts(282,11): error TS6133: 'success1' is declared but its value is never read.
src/utils/threeMFToJson.ts(283,11): error TS6133: 'success2' is declared but its value is never read.
src/utils/threeMFToJson.ts(284,11): error TS6133: 'success3' is declared but its value is never read.
src/utils/threeMFToJson.ts(285,11): error TS6133: 'success4' is declared but its value is never read.
src/utils/threeMFToJson_db.ts(282,11): error TS6133: 'success1' is declared but its value is never read.
src/utils/threeMFToJson_db.ts(283,11): error TS6133: 'success2' is declared but its value is never read.
src/utils/threeMFToJson_db.ts(284,11): error TS6133: 'success3' is declared but its value is never read.
src/utils/threeMFToJson_db.ts(285,11): error TS6133: 'success4' is declared but its value is never read.
